[06-Mar-2026 17:01:33 UTC] PHP Warning:  Undefined array key "host" in /workspaces/Assignment-2/.wordpress/wp-includes/pluggable.php on line 1721
[06-Mar-2026 20:53:06 UTC] PHP Warning:  Undefined variable $parent_theme_name in /workspaces/Assignment-2/.wordpress/wp-content/mu-plugins/one-click-child-theme/templates/create_child_form.php on line 18
[06-Mar-2026 21:36:51 UTC] PHP Warning:  Undefined array key "QUERY_STRING" in /workspaces/Assignment-2/.wordpress/wp-content/themes/inspiro/inc/marketing-functions.php on line 22
[06-Mar-2026 21:36:52 UTC] PHP Warning:  Cannot modify header information - headers already sent by (output started at /workspaces/Assignment-2/.wordpress/wp-content/themes/inspiro/inc/marketing-functions.php:22) in /workspaces/Assignment-2/.wordpress/wp-includes/functions.php on line 7182
[06-Mar-2026 21:36:52 UTC] PHP Warning:  Cannot modify header information - headers already sent by (output started at /workspaces/Assignment-2/.wordpress/wp-content/themes/inspiro/inc/marketing-functions.php:22) in /workspaces/Assignment-2/.wordpress/wp-admin/admin-header.php on line 14
[06-Mar-2026 21:40:57 UTC] PHP Warning:  Attempt to read property "queue" on null in /workspaces/Assignment-2/.wordpress/wp-includes/class-wp-oembed-controller.php on line 211
[06-Mar-2026 21:40:57 UTC] PHP Warning:  foreach() argument must be of type array|object, null given in /workspaces/Assignment-2/.wordpress/wp-includes/class-wp-oembed-controller.php on line 211
[06-Mar-2026 21:54:22 UTC] PHP Warning:  Undefined array key "QUERY_STRING" in /workspaces/Assignment-2/.wordpress/wp-content/themes/inspiro/inc/marketing-functions.php on line 22
[06-Mar-2026 21:54:23 UTC] PHP Warning:  Cannot modify header information - headers already sent by (output started at /workspaces/Assignment-2/.wordpress/wp-content/themes/inspiro/inc/marketing-functions.php:22) in /workspaces/Assignment-2/.wordpress/wp-includes/functions.php on line 7182
[06-Mar-2026 21:54:23 UTC] PHP Warning:  Cannot modify header information - headers already sent by (output started at /workspaces/Assignment-2/.wordpress/wp-content/themes/inspiro/inc/marketing-functions.php:22) in /workspaces/Assignment-2/.wordpress/wp-admin/admin-header.php on line 14
[06-Mar-2026 21:54:53 UTC] PHP Warning:  Undefined variable $parent_theme_name in /workspaces/Assignment-2/.wordpress/wp-content/mu-plugins/one-click-child-theme/templates/create_child_form.php on line 18
[06-Mar-2026 21:55:42 UTC] PHP Warning:  Undefined variable $parent_theme_name in /workspaces/Assignment-2/.wordpress/wp-content/mu-plugins/one-click-child-theme/templates/create_child_form.php on line 18
[08-Mar-2026 23:13:28 UTC] PHP Warning:  Undefined variable $parent_theme_name in /workspaces/Assignment-2/.wordpress/wp-content/mu-plugins/one-click-child-theme/templates/create_child_form.php on line 18
[08-Mar-2026 23:13:49 UTC] PHP Warning:  Undefined variable $parent_theme_name in /workspaces/Assignment-2/.wordpress/wp-content/mu-plugins/one-click-child-theme/templates/create_child_form.php on line 18
[08-Mar-2026 23:14:20 UTC] PHP Warning:  Undefined array key "QUERY_STRING" in /workspaces/Assignment-2/.wordpress/wp-content/themes/inspiro/inc/marketing-functions.php on line 22
[08-Mar-2026 23:14:21 UTC] PHP Warning:  Cannot modify header information - headers already sent by (output started at /workspaces/Assignment-2/.wordpress/wp-content/themes/inspiro/inc/marketing-functions.php:22) in /workspaces/Assignment-2/.wordpress/wp-includes/functions.php on line 7182
[08-Mar-2026 23:14:21 UTC] PHP Warning:  Cannot modify header information - headers already sent by (output started at /workspaces/Assignment-2/.wordpress/wp-content/themes/inspiro/inc/marketing-functions.php:22) in /workspaces/Assignment-2/.wordpress/wp-admin/admin-header.php on line 14
[08-Mar-2026 23:16:20 UTC] PHP Fatal error:  Out of memory (allocated 37748736 bytes) (tried to allocate 32768 bytes) in /workspaces/Assignment-2/.wordpress/wp-admin/includes/meta-boxes.php on line 1594
[08-Mar-2026 23:16:22 UTC] PHP Fatal error:  Out of memory (allocated 33554432 bytes) (tried to allocate 2097152 bytes) in /workspaces/Assignment-2/.wordpress/wp-includes/class-wp-admin-bar.php on line 550
[08-Mar-2026 23:16:25 UTC] PHP Fatal error:  Out of memory (allocated 33554432 bytes) (tried to allocate 2097152 bytes) in /workspaces/Assignment-2/.wordpress/wp-admin/edit-form-blocks.php on line 188
[08-Mar-2026 23:16:26 UTC] PHP Fatal error:  Out of memory (allocated 33554432 bytes) (tried to allocate 2097152 bytes) in /workspaces/Assignment-2/.wordpress/wp-includes/class-wp-admin-bar.php on line 550
[08-Mar-2026 23:16:26 UTC] PHP Fatal error:  Out of memory (allocated 33554432 bytes) (tried to allocate 2097152 bytes) in /workspaces/Assignment-2/.wordpress/wp-admin/includes/dashboard.php on line 77
[08-Mar-2026 23:16:31 UTC] PHP Fatal error:  Out of memory (allocated 31457280 bytes) (tried to allocate 12288 bytes) in /workspaces/Assignment-2/.wordpress/wp-admin/includes/user.php on line 634
[13-Mar-2026 05:11:17 UTC] PHP Warning:  Undefined variable $parent_theme_name in /workspaces/Assignment-2/.wordpress/wp-content/mu-plugins/one-click-child-theme/templates/create_child_form.php on line 18
[13-Mar-2026 05:22:55 UTC] PHP Warning:  Undefined variable $parent_theme_name in /workspaces/Assignment-2/.wordpress/wp-content/mu-plugins/one-click-child-theme/templates/create_child_form.php on line 18
[13-Mar-2026 05:23:42 UTC] PHP Warning:  Undefined variable $parent_theme_name in /workspaces/Assignment-2/.wordpress/wp-content/mu-plugins/one-click-child-theme/templates/create_child_form.php on line 18
[16-Mar-2026 23:26:49 UTC] PHP Warning:  Undefined variable $parent_theme_name in /workspaces/Assignment-3/.wordpress/wp-content/mu-plugins/one-click-child-theme/templates/create_child_form.php on line 18
[16-Mar-2026 23:29:38 UTC] PHP Warning:  Undefined variable $parent_theme_name in /workspaces/Assignment-3/.wordpress/wp-content/mu-plugins/one-click-child-theme/templates/create_child_form.php on line 18
[16-Mar-2026 23:29:55 UTC] PHP Warning:  Undefined variable $parent_theme_name in /workspaces/Assignment-3/.wordpress/wp-content/mu-plugins/one-click-child-theme/templates/create_child_form.php on line 18
[16-Mar-2026 23:40:49 UTC] PHP Warning:  Undefined variable $parent_theme_name in /workspaces/Assignment-3/.wordpress/wp-content/mu-plugins/one-click-child-theme/templates/create_child_form.php on line 18
[16-Mar-2026 23:40:55 UTC] PHP Warning:  Undefined variable $parent_theme_name in /workspaces/Assignment-3/.wordpress/wp-content/mu-plugins/one-click-child-theme/templates/create_child_form.php on line 18
[07-Apr-2026 00:08:50 UTC] PHP Fatal error:  Out of memory (allocated 37748736 bytes) (tried to allocate 2097152 bytes) in /workspaces/Assignment-4-UX221/.wordpress/wp-content/plugins/ecommerce-product-catalog/templates/shortcode-catalog.php on line 67
[07-Apr-2026 00:08:50 UTC] PHP Fatal error:  Out of memory (allocated 37748736 bytes) (tried to allocate 2097152 bytes) in /workspaces/Assignment-4-UX221/.wordpress/wp-includes/Requests/src/Cookie/Jar.php on line 32
[07-Apr-2026 00:08:51 UTC] PHP Fatal error:  Out of memory (allocated 33554432 bytes) (tried to allocate 2097152 bytes) in /workspaces/Assignment-4-UX221/.wordpress/wp-content/plugins/ecommerce-product-catalog/templates/shortcode-catalog.php on line 67
[07-Apr-2026 00:08:51 UTC] PHP Fatal error:  Out of memory (allocated 33554432 bytes) (tried to allocate 2097152 bytes) in /workspaces/Assignment-4-UX221/.wordpress/wp-includes/Requests/src/Cookie/Jar.php on line 32
[07-Apr-2026 00:08:51 UTC] PHP Fatal error:  Out of memory (allocated 33554432 bytes) (tried to allocate 2097152 bytes) in /workspaces/Assignment-4-UX221/.wordpress/wp-content/plugins/ecommerce-product-catalog/templates/shortcode-catalog.php on line 67
[07-Apr-2026 00:08:51 UTC] PHP Fatal error:  Out of memory (allocated 33554432 bytes) (tried to allocate 2097152 bytes) in /workspaces/Assignment-4-UX221/.wordpress/wp-includes/Requests/src/Cookie/Jar.php on line 32
[07-Apr-2026 00:08:51 UTC] PHP Fatal error:  Out of memory (allocated 31457280 bytes) (tried to allocate 2097152 bytes) in /workspaces/Assignment-4-UX221/.wordpress/wp-content/plugins/ecommerce-product-catalog/templates/shortcode-catalog.php on line 67
[07-Apr-2026 00:08:51 UTC] PHP Fatal error:  Out of memory (allocated 31457280 bytes) (tried to allocate 2097152 bytes) in /workspaces/Assignment-4-UX221/.wordpress/wp-includes/Requests/src/Cookie/Jar.php on line 32
[07-Apr-2026 00:08:52 UTC] PHP Fatal error:  Out of memory (allocated 31457280 bytes) (tried to allocate 2097152 bytes) in /workspaces/Assignment-4-UX221/.wordpress/wp-content/plugins/ecommerce-product-catalog/templates/shortcode-catalog.php on line 67
[07-Apr-2026 00:08:52 UTC] PHP Fatal error:  Out of memory (allocated 31457280 bytes) (tried to allocate 2097152 bytes) in /workspaces/Assignment-4-UX221/.wordpress/wp-includes/Requests/src/Cookie/Jar.php on line 32
[07-Apr-2026 00:08:52 UTC] PHP Fatal error:  Out of memory (allocated 31457280 bytes) (tried to allocate 2097152 bytes) in /workspaces/Assignment-4-UX221/.wordpress/wp-content/themes/rife-free/advance/theme-options.php on line 2867
[07-Apr-2026 00:08:52 UTC] PHP Fatal error:  Out of memory (allocated 31457280 bytes) (tried to allocate 2097152 bytes) in /workspaces/Assignment-4-UX221/.wordpress/wp-content/themes/rife-free/advance/theme-options.php on line 1616
[07-Apr-2026 00:08:52 UTC] PHP Fatal error:  Out of memory (allocated 31457280 bytes) (tried to allocate 2097152 bytes) in /workspaces/Assignment-4-UX221/.wordpress/wp-includes/sodium_compat/src/Core/Util.php on line 12
[07-Apr-2026 00:11:36 UTC] PHP Fatal error:  Out of memory (allocated 31457280 bytes) (tried to allocate 2097152 bytes) in /workspaces/Assignment-4-UX221/.wordpress/wp-content/themes/rife-free/advance/theme-options.php on line 2150
[07-Apr-2026 00:11:36 UTC] PHP Fatal error:  Out of memory (allocated 31457280 bytes) (tried to allocate 458752 bytes) in /workspaces/Assignment-4-UX221/.wordpress/wp-includes/l10n/class-wp-translation-file-php.php on line 24
[07-Apr-2026 00:37:19 UTC] PHP Fatal error:  Out of memory (allocated 39845888 bytes) (tried to allocate 32768 bytes) in /workspaces/Assignment-4-UX221/.wordpress/wp-admin/includes/user.php on line 416
[07-Apr-2026 00:37:22 UTC] PHP Fatal error:  Out of memory (allocated 37748736 bytes) (tried to allocate 2097152 bytes) in /workspaces/Assignment-4-UX221/.wordpress/wp-content/plugins/ecommerce-product-catalog/templates/shortcode-catalog.php on line 64
[07-Apr-2026 00:37:22 UTC] PHP Fatal error:  Out of memory (allocated 37748736 bytes) (tried to allocate 2097152 bytes) in /workspaces/Assignment-4-UX221/.wordpress/wp-includes/Requests/src/Cookie/Jar.php on line 32
[07-Apr-2026 00:37:26 UTC] PHP Fatal error:  Out of memory (allocated 33554432 bytes) (tried to allocate 2097152 bytes) in /workspaces/Assignment-4-UX221/.wordpress/wp-content/themes/rife-free/advance/theme-options.php on line 2820
[07-Apr-2026 00:37:38 UTC] PHP Fatal error:  Out of memory (allocated 33554432 bytes) (tried to allocate 2097152 bytes) in /workspaces/Assignment-4-UX221/.wordpress/wp-content/themes/rife-free/advance/theme-options.php on line 2820
[07-Apr-2026 00:58:46 UTC] PHP Fatal error:  Out of memory (allocated 37748736 bytes) (tried to allocate 2097152 bytes) in /workspaces/Assignment-4-UX221/.wordpress/wp-content/themes/rife-free/advance/theme-options.php on line 2644
[07-Apr-2026 00:58:48 UTC] PHP Fatal error:  Out of memory (allocated 33554432 bytes) (tried to allocate 2097152 bytes) in /workspaces/Assignment-4-UX221/.wordpress/wp-content/themes/rife-free/advance/theme-options.php on line 2820
[07-Apr-2026 00:58:56 UTC] PHP Fatal error:  Out of memory (allocated 33554432 bytes) (tried to allocate 2097152 bytes) in /workspaces/Assignment-4-UX221/.wordpress/wp-content/plugins/ecommerce-product-catalog/templates/shortcode-catalog.php on line 67
[07-Apr-2026 00:58:56 UTC] PHP Fatal error:  Out of memory (allocated 33554432 bytes) (tried to allocate 2097152 bytes) in /workspaces/Assignment-4-UX221/.wordpress/wp-includes/Requests/src/Cookie/Jar.php on line 32
[07-Apr-2026 00:58:58 UTC] PHP Fatal error:  Out of memory (allocated 31457280 bytes) (tried to allocate 2097152 bytes) in /workspaces/Assignment-4-UX221/.wordpress/wp-content/themes/rife-free/advance/theme-options.php on line 2820
[07-Apr-2026 00:58:58 UTC] PHP Fatal error:  Out of memory (allocated 31457280 bytes) (tried to allocate 2097152 bytes) in /workspaces/Assignment-4-UX221/.wordpress/wp-content/plugins/ecommerce-product-catalog/templates/shortcode-catalog.php on line 64
[07-Apr-2026 00:58:58 UTC] PHP Fatal error:  Out of memory (allocated 31457280 bytes) (tried to allocate 2097152 bytes) in /workspaces/Assignment-4-UX221/.wordpress/wp-includes/Requests/src/Cookie/Jar.php on line 32
[07-Apr-2026 00:59:03 UTC] PHP Fatal error:  Out of memory (allocated 31457280 bytes) (tried to allocate 2097152 bytes) in /workspaces/Assignment-4-UX221/.wordpress/wp-content/themes/rife-free/advance/theme-options.php on line 2867
[07-Apr-2026 00:59:04 UTC] PHP Fatal error:  Out of memory (allocated 31457280 bytes) (tried to allocate 2097152 bytes) in /workspaces/Assignment-4-UX221/.wordpress/wp-content/themes/rife-free/advance/theme-options.php on line 1615
[07-Apr-2026 00:59:04 UTC] PHP Fatal error:  Out of memory (allocated 31457280 bytes) (tried to allocate 32768 bytes) in /workspaces/Assignment-4-UX221/.wordpress/wp-content/languages/admin-en_CA.l10n.php on line 140
[07-Apr-2026 00:59:07 UTC] PHP Fatal error:  Out of memory (allocated 31457280 bytes) (tried to allocate 2097152 bytes) in /workspaces/Assignment-4-UX221/.wordpress/wp-content/plugins/ecommerce-product-catalog/templates/shortcode-catalog.php on line 64
[07-Apr-2026 00:59:07 UTC] PHP Fatal error:  Out of memory (allocated 31457280 bytes) (tried to allocate 2097152 bytes) in /workspaces/Assignment-4-UX221/.wordpress/wp-includes/Requests/src/Cookie/Jar.php on line 32
